// Jest Snapshot v1, https://goo.gl/fbAQLP

exports[`Counter.vue renders counter html 1`] = `<div><span>1</span> <button>count++</button></div>`;

exports[`Counter.vue renders props.msg when passed 1`] = `<div><span>1</span> <button>count++</button></div>`;
